
> rehogar@1.0.0 test
> jest

node.exe : FAIL src/co
mpatibility.test.ts
En C:\Program 
Files\nodejs\npm.ps1: 
29 Carácter: 3
+   & $NODE_EXE 
$NPM_CLI_JS $args
+   ~~~~~~~~~~~~~~~~~~
~~~~~~~~~~~
    + CategoryInfo    
          : NotSpeci  
  fied: (FAIL src/c   
 ompatibility.test    
.ts:String) [], R    
emoteException
    + FullyQualifiedE 
   rrorId : NativeCo  
  mmandError
 
  CompatibilityService
    ÔêÜ Debe devolver 
0 si el anfitri├│n no 
admite mascotas y el 
buscador tiene una (3 
ms)
    ├ù Debe penalizar 
si uno fuma y el otro 
no (2 ms)
    ÔêÜ Debe 
bonificar si los 
hijos tienen edades 
similares (Sinergia)
    ÔêÜ Debe 
penalizar diferencias 
dr├ísticas de 
limpieza (1 ms)

  ÔùÅ 
CompatibilityService 
ÔÇ║ Debe penalizar si 
uno fuma y el otro no

    expect(received).t
oBe(expected) // 
Object.is equality

    Expected: 70
    Received: 95

    [0m [90m 39 
|[39m
     [90m 40 |[39m  
       
[36mconst[39m score 
[33m=[39m service[3
3m.[39mcalculateMatch
Score(host[33m,[39m 
seeker)[33m;[39m
    [31m[1m>[22m[3
9m[90m 41 |[39m     
    expect(score)[33m
.[39mtoBe([35m70[39
m)[33m;[39m
     [90m    |[39m  
                     
[31m[1m^[22m[39m
     [90m 42 |[39m  
   })[33m;[39m
     [90m 43 |[39m
     [90m 44 |[39m  
   test([32m'Debe 
bonificar si los 
hijos tienen edades 
similares (Sinergia)'
[39m[33m,[39m () 
[33m=>[39m {[0m

      at 
Object.<anonymous> (sr
c/compatibility.test.t
s:41:23)

Test Suites: 1 
failed, 1 total
Tests:       1 
failed, 3 passed, 4 
total
Snapshots:   0 total
Time:        1.482 s, 
estimated 2 s
Ran all test suites.
